
> backend@1.0.0 test
> vitest run


[1m[30m[46m RUN [49m[39m[22m [36mv4.1.11 [39m[90mC:/ginger order/backend[39m

::ffff:127.0.0.1 - - [21/Aug/2026:17:37:05 +0000] "POST /api/auth/login HTTP/1.1" 200 406 "-" "-"
::ffff:127.0.0.1 - - [21/Aug/2026:17:37:06 +0000] "POST /api/auth/login HTTP/1.1" 200 427 "-" "-"
::ffff:127.0.0.1 - - [21/Aug/2026:17:37:06 +0000] "GET /api/products HTTP/1.1" 200 889 "-" "-"
 [31m❯[39m test/business.test.ts [2m([22m[2m6 tests[22m[2m | [22m[33m6 skipped[39m[2m)[22m[33m 2247[2mms[22m[39m
     [2m[90m↓[39m[22m TEST 1: Client Creation & Retrieve
     [2m[90m↓[39m[22m TEST 2: Order Creation & Price Snapshot
     [2m[90m↓[39m[22m TEST 3: Partial Dispatch & Dispatch Limits
     [2m[90m↓[39m[22m TEST 7: Multiple Invoices & One Payment Allocation
     [2m[90m↓[39m[22m TEST 8: Overdue Invoices (Dynamic Check)
     [2m[90m↓[39m[22m TEST 9: RBAC Enforcement

[2m Test Files [22m [1m[31m1 failed[39m[22m[90m (1)[39m
[2m      Tests [22m [33m6 skipped[39m[90m (6)[39m
[2m     Errors [22m [1m[31m1 error[39m[22m
[2m   Start at [22m 23:06:59
[2m   Duration [22m 7.52s[2m (transform 1.32s, setup 0ms, import 4.13s, tests 2.25s, environment 0ms)[22m

